// Jest Snapshot v1, https://goo.gl/fbAQLP

exports[`Custom Search renders without errors 1`] = `
<Fragment>
  <nav
    className="navbar"
    data-test="navbar"
    id="navbar-desktop"
  >
    <div
      className="page-title"
    >
      <Link
        to="/"
      >
        <h3>
          Questioner
        </h3>
      </Link>
    </div>
    <div
      className="nav-links"
      data-test="nav-links"
    >
      <ul>
        <li>
          <Link
            to="#"
          >
            <span
              className="fa fa-meetup"
            >
              Meetups
            </span>
          </Link>
        </li>
        <li>
          <Link
            to="/signup"
          >
            <span
              className="fa fa-user-plus"
            >
              Sign up
            </span>
          </Link>
        </li>
        <li>
          <Link
            to="/login"
          >
            <span
              className="fa fa-user-plus"
            >
              Sign in
            </span>
          </Link>
        </li>
      </ul>
    </div>
  </nav>
  <div
    className="bg-primary flex-row space-between pr-1 nav-mobile-parent text-white"
  >
    <a
      className="no-repeat h-0"
      href="#"
      id="nav-toggle"
    />
    <div
      className="m-0 h-0"
    >
      <a
        className="text-white"
        href="index.html"
      >
        <p>
          Questioner
        </p>
      </a>
    </div>
    <div
      className="text-white m-0 h-0"
    >
      <a
        className="text-white"
        href="login.html"
      >
        <p>
          Sign in
        </p>
      </a>
    </div>
  </div>
  <nav
    className="navbar-collapse"
    id="navbar-mobile"
  >
    <div>
      <ul
        className="flex flex-column text-left p-1"
      >
        <li
          className="mt-1"
        >
          <Link
            to="/meetups"
          >
            Meetups
          </Link>
        </li>
        <li
          className="mt-1"
        >
          <Link
            to="/login"
          >
            Login
          </Link>
        </li>
        <li
          className="mt-1"
        >
          <Link
            to="/signup"
          >
            Sign up
          </Link>
        </li>
      </ul>
    </div>
  </nav>
</Fragment>
`;
