// Jest Snapshot v1, https://goo.gl/fbAQLP

exports[`AdminWrapper renders without errors 1`] = `
<Route>
  <Component />
</Route>
`;
