// Jest Snapshot v1, https://goo.gl/fbAQLP

exports[`GuestWrapper renders without errors 1`] = `
<Route
  render={[Function]}
/>
`;
