// Jest Snapshot v1, https://goo.gl/fbAQLP

exports[`Single Meetup renders without errors 1`] = `<ConnectFunction />`;
