// Jest Snapshot v1, https://goo.gl/fbAQLP

exports[`Image Render renders without error 1`] = `
<img
  src=""
  style={
    Object {
      "height": "100%",
      "width": "100%",
    }
  }
/>
`;
