// Jest Snapshot v1, https://goo.gl/fbAQLP

exports[`Loader Render renders without error 1`] = `
<div
  className="loader-overlay"
>
  <img
    className="loader"
    src=""
  />
</div>
`;
